// Jest Snapshot v1, https://goo.gl/fbAQLP

exports[`BlockedFields should render correctly 1`] = `
<div
  class="md-paper md-paper--1 phone-emulator md-background"
>
  <header
    class="phone-emulator__status-bar"
  >
    <i
      class="md-icon material-icons"
    >
      network_wifi
    </i>
    <i
      class="md-icon material-icons"
    >
      network_cell
    </i>
    <i
      class="md-icon material-icons"
    >
      battery_full
    </i>
    <span
      class="phone-emulator__status-bar__time"
    >
      12:30
    </span>
  </header>
  <header
    class="md-paper md-paper--2 md-toolbar md-background--primary md-toolbar--text-white md-toolbar--fixed phone-emulator__toolbar"
  >
    <button
      class="md-btn md-btn--icon md-pointer--hover md-inline-block md-btn--toolbar md-toolbar--action-left"
      type="button"
    >
      <div
        class="md-ink-container"
      >
        <span
          aria-hidden="true"
        />
      </div>
      <i
        class="md-icon material-icons md-text--inherit"
      >
        menu
      </i>
    </button>
    <h2
      class="md-title md-title--toolbar"
    >
      Title
    </h2>
    <div
      class="md-cell--right md-toolbar--action-right"
    >
      <button
        class="md-btn md-btn--icon md-pointer--hover md-inline-block md-btn--toolbar"
        type="button"
      >
        <div
          class="md-ink-container"
        >
          <span
            aria-hidden="true"
          />
        </div>
        <i
          class="md-icon material-icons md-text--inherit"
        >
          send
        </i>
      </button>
    </div>
  </header>
  <section
    class="phone-emulator__content phone-emulator__content--offset"
  >
    <div
      class="text-fields__contacts"
    >
      <button
        class="md-chip md-chip--avatar md-chip--remove text-fields__contact-chip"
        type="button"
      >
        <div
          class="md-inline-block md-avatar md-avatar--default"
        >
          <img
            alt="Freddy Kruger's avatar"
            class="md-avatar-img"
            src="https://unplash.it/300?random&time=3"
          />
        </div>
        <span
          class="md-chip-text"
        >
          Freddy Kruger
        </span>
        <i
          class="md-icon material-icons md-chip-icon md-chip-icon--rotate"
        >
          add_circle
        </i>
      </button>
      <button
        class="md-chip md-chip--avatar md-chip--remove text-fields__contact-chip"
        type="button"
      >
        <div
          class="md-inline-block md-avatar md-avatar--default"
        >
          <img
            alt="Bob Belcher's avatar"
            class="md-avatar-img"
            src="https://unplash.it/300?random&time=3"
          />
        </div>
        <span
          class="md-chip-text"
        >
          Bob Belcher
        </span>
        <i
          class="md-icon material-icons md-chip-icon md-chip-icon--rotate"
        >
          add_circle
        </i>
      </button>
    </div>
    <div
      aria-expanded="false"
      aria-haspopup="true"
      class="md-layover md-layover--simplified md-full-width md-menu-container md-menu-container--menu-below md-autocomplete-container"
      id="email-to-menu"
    >
      <div
        class="md-text-field-container md-full-width md-text-field-container--input md-text-field-container--input-block md-text-field-container--padded-block md-autocomplete"
      >
        <input
          aria-autocomplete="list"
          autocomplete="off"
          class="md-text-field md-full-width md-text"
          id="email-to"
          placeholder="To"
          type="email"
          value=""
        />
      </div>
    </div>
    <hr
      class="md-divider"
    />
    <div
      class="md-text-field-container md-full-width md-text-field-container--input md-text-field-container--input-block md-text-field-container--padded-block"
    >
      <input
        class="md-text-field md-full-width md-text"
        id="email-subject"
        placeholder="Subject"
        type="text"
        value="Plans for the weekend"
      />
      <div
        class="md-text-field-message-container md-text-field-message-container--count-only md-text--disabled"
      >
        <div
          aria-hidden="true"
          class="md-text-field-message md-text-field-message--inactive md-text-field-message--counter"
        >
          21 / 80
        </div>
      </div>
    </div>
    <hr
      class="md-divider"
    />
    <div
      class="md-text-field-container md-full-width md-text-field-container--multiline md-text-field-container--multiline-block md-text-field-container--padded-block"
    >
      <div
        class="md-text-field-multiline-container"
      >
        <span
          aria-hidden="true"
        />
        <textarea
          aria-hidden="true"
          class="md-text-field md-text-field--multiline md-full-width md-text md-text-field--multiline-mask"
          readonly=""
          rows="4"
          tabindex="-1"
        >
          Hi,
I just wanted to check in and see if you had any plans this upcoming weekend. We are thinking of heading up to Napa. Let us know if you'd like to go and we'll make reservations.
        </textarea>
        <textarea
          class="md-text-field md-text-field--multiline md-full-width md-text"
          id="email-body"
          placeholder="Body"
          rows="4"
        >
          Hi,
I just wanted to check in and see if you had any plans this upcoming weekend. We are thinking of heading up to Napa. Let us know if you'd like to go and we'll make reservations.
        </textarea>
      </div>
      <div
        class="md-text-field-message-container md-text-field-message-container--count-only md-text--disabled"
      >
        <div
          aria-hidden="true"
          class="md-text-field-message md-text-field-message--inactive"
        >
          Max 1000 characters.
        </div>
        <div
          aria-hidden="true"
          class="md-text-field-message md-text-field-message--inactive md-text-field-message--counter"
        >
          181 / 1000
        </div>
      </div>
    </div>
  </section>
</div>
`;
