// Jest Snapshot v1, https://goo.gl/fbAQLP

exports[`Showcases should render all the showcases 1`] = `
<div
  class="md-grid"
>
  <section
    class="markdown-container md-text-container md-cell md-cell--12"
  >
    <h2
      class="quick-link quick-link__container"
      id="showcases"
    >
      <a
        class="quick-link__link quick-link__link--markdown"
        href="#showcases"
      >
        <i
          class="md-icon material-icons"
          title="Quick link to Showcases"
        >
          link
        </i>
      </a>
      Showcases
    </h2>
    

    <p>
      The following is a list of products/apps that use react-md other than this documentation site. Their entire
interface might not be implemented with react-md, but it should give a good idea of how it is used.
    </p>
    

    <p>
      Want to showcase your app/product? Either open a pull request adding your application or look at

      <a
        class="link"
        href="https://github.com/mlaursen/react-md/issues/196"
        rel="noopener noreferrer"
      >
        the github issue
      </a>
       for getting your site added.
    </p>
    

  </section>
  <ul
    class="md-grid md-grid--no-spacing md-list-unstyled md-cell md-cell--12"
  >
    <li
      class="md-paper md-paper--1 md-card md-background--card showcase-card"
    >
      <a
        class="md-media md-media--16-9"
        href="https://bredariol.be"
        title="Les Passions de Peronnes"
      >
        <img
          alt="Les Passions de Peronnes"
          src="some static content"
        />
      </a>
      <div
        class="md-card-title md-card-title--primary"
      >
        <div
          class="md-card-title--title-block"
        >
          <h2
            class="md-card-title--title md-card-title--large md-text"
          >
            <a
              class="link"
              href="https://bredariol.be"
            >
              Les Passions de Peronnes
            </a>
          </h2>
          <h3
            class="md-card-title--title md-text--secondary"
          >
            Fadi Khadra
          </h3>
        </div>
        <a
          class="md-btn md-btn--icon md-pointer--hover md-inline-block md-cell--right"
          href="https://github.com/fkhadra"
        >
          <div
            class="md-ink-container"
          />
          <i
            class="md-icon fa fa-github md-text--inherit"
          />
        </a>
      </div>
      <section
        class="md-card-text"
      >
        
Les Passions de Péronnes offers you to discover wines of terroirs, wines of
vignerons. Most of them are encountered during oeno-tourist trips, telling
us their wines, their hopes sometimes very crazy.

      </section>
      <section
        class="md-dialog-footer--card md-dialog-footer--inline"
      >
        <a
          class="md-btn md-btn--flat md-btn--text md-pointer--hover md-text--theme-primary md-ink--primary md-inline-block md-cell--right"
          href="https://bredariol.be"
        >
          <div
            class="md-ink-container"
          />
          View Product Demo
        </a>
      </section>
    </li>
    <li
      class="md-paper md-paper--1 md-card md-background--card showcase-card"
    >
      <a
        class="md-media md-media--16-9"
        href="https://hostfully.com"
        title="Hostfully"
      >
        <img
          alt="Hostfully"
          src="some static content"
        />
      </a>
      <div
        class="md-card-title md-card-title--primary"
      >
        <div
          class="md-card-title--title-block"
        >
          <h2
            class="md-card-title--title md-card-title--large md-text"
          >
            <a
              class="link"
              href="https://hostfully.com"
            >
              Hostfully
            </a>
          </h2>
          <h3
            class="md-card-title--title md-text--secondary"
          >
            Hostfully
          </h3>
        </div>
        <a
          class="md-btn md-btn--icon md-pointer--hover md-inline-block md-cell--right"
          href="https://github.com/hostfully"
        >
          <div
            class="md-ink-container"
          />
          <i
            class="md-icon fa fa-github md-text--inherit"
          />
        </a>
      </div>
      <section
        class="md-card-text"
      >
        
Hostfully is a content generation and guest communications platform built for
vacation rental management companies. Using Hostfully, managers upload
property-specific content and local recommendations that travelers can use
while they are at the destination. Companies also use Hostfully as a channel
for guest communication – instead of overloading guests with too many details
about the property, managers direct their guests to well-structured content in
each property’s customized online guidebook – accessible on mobile, desktop, and
in print.

      </section>
      <section
        class="md-dialog-footer--card md-dialog-footer--inline"
      >
        <a
          class="md-btn md-btn--flat md-btn--text md-pointer--hover md-text--theme-primary md-ink--primary md-inline-block md-cell--right"
          href="https://v2.hostfully.com/california-dreaming"
        >
          <div
            class="md-ink-container"
          />
          View Product Demo
        </a>
      </section>
    </li>
  </ul>
</div>
`;
