// Jest Snapshot v1, https://goo.gl/fbAQLP

exports[`Contact should render correctly 1`] = `
<section
  class="md-cell md-cell--4"
>
  <h4
    class="md-title"
  >
    Contact
  </h4>
  <a
    class="md-btn md-btn--flat md-btn--text md-pointer--hover md-text--theme-primary md-ink--primary md-inline-block"
    href="mailto:mlaursen03@gmail.com"
  >
    <div
      class="md-ink-container"
    >
      <span
        aria-hidden="true"
      />
    </div>
    <div
      class="md-icon-separator"
    >
      <i
        class="md-icon material-icons md-text--inherit"
      >
        mail
      </i>
      <span
        class="md-icon-text"
      >
        Mikkel Laursen
      </span>
    </div>
  </a>
</section>
`;
