// Jest Snapshot v1, https://goo.gl/fbAQLP

exports[`Greeting should render correctly 1`] = `
<div
  className="md-paper md-paper--1 md-card md-background--card greeting"
  onMouseLeave={[Function]}
  onMouseOver={[Function]}
  onTouchStart={[Function]}
>
  <div
    className="md-card-title md-card-title--primary"
    style={undefined}
  >
    <h2
      className="md-card-title--title md-text md-card-title--large"
      id={undefined}
    >
      Hello from react-md
    </h2>
  </div>
  <section
    className="md-card-text"
  >
    <p>
      This is a simple app that is using the 
      <code>
        NavigationDrawer
      </code>
       component for the layout and 
      <code>
        Card
      </code>
      , 
      <code>
        CardTitle
      </code>
      , and 
      <code>
        CardText
      </code>
       for this message.
    </p>
  </section>
  <section
    className="md-card-text"
  >
    <p>
      You can edit 
      <code>
        src/components/App.jsx
      </code>
       to start making an app. Edit 
      <code>
        src/_globals.scss
      </code>
       for any Sass variable changes.
    </p>
  </section>
</div>
`;
