// Jest Snapshot v1, https://goo.gl/fbAQLP

exports[`StatusBar should render correctly 1`] = `
<header
  className="phone-emulator__status-bar"
>
  <i
    className="md-icon material-icons"
    style={undefined}
  >
    network_wifi
  </i>
  <i
    className="md-icon material-icons"
    style={undefined}
  >
    network_cell
  </i>
  <i
    className="md-icon material-icons"
    style={undefined}
  >
    battery_full
  </i>
  <span
    className="phone-emulator__status-bar__time"
  >
    12:30
  </span>
</header>
`;
