// Jest Snapshot v1, https://goo.gl/fbAQLP

exports[`Colors should render correctly 1`] = `
<section
  className="md-grid"
  style={undefined}
>
  <div
    className="md-cell md-cell--12 markdown-container md-text-container"
    dangerouslySetInnerHTML={
      Object {
        "__html": "<h2 id=\\"color-definitions\\" class=\\"quick-link quick-link__container\\"><a href=\\"#color-definitions\\" class=\\"quick-link__link quick-link__link--markdown\\"><i class=\\"md-icon material-icons\\" title=\\"Quick link to Color Definitions\\">link</i></a>Color Definitions</h2>
<p>Every material design color is available as a sass variable in the form of
<code>$md-COLOR-HUE</code> and <code>$md-COLOR-a-HUE</code> to get a base color and accent color
respectively. If you waned to style something with a background of blue and
a text color of a green accent, you can use the variables as follows:</p>
<pre class=\\"line-numbers code-toolbar language-scss\\"><code class=\\"language-scss\\"><span class=\\"token selector\\">.some-class </span><span class=\\"token punctuation\\">{</span>
  <span class=\\"token property\\">background</span><span class=\\"token punctuation\\">:</span> <span class=\\"token variable\\">$md-blue-500</span><span class=\\"token punctuation\\">;</span>
  <span class=\\"token property\\">color</span><span class=\\"token punctuation\\">:</span> <span class=\\"token variable\\">$md-green-a-100</span><span class=\\"token punctuation\\">;</span>
<span class=\\"token punctuation\\">}</span>
<span aria-hidden=\\"true\\" class=\\"line-numbers-rows\\"><span></span><span></span><span></span><span></span><span></span></span></code><div class=\\"toolbar\\"><div class=\\"toolbar-item\\"><span>Sass (Scss)</span></div></pre>
<p>All colors will have primary colors with suffixes: <code>50, 100, 200, 300, 400, 500, 600, 700, 800, 900</code>
and all colors except for <code>brown</code>, <code>grey</code> and <code>blue-grey</code> will have accent suffixes of
<code>100, 200, 400, 700</code>. In addition, the <code>$md-black-base</code> and <code>$md-white-base</code> variables are available.</p>
<p>To help with getting specific colors, there is a Sass Map of every color and a mixin that will create
two class names for each material design color.</p>
<h3 id=\\"-md-color-map-tab-1-variable-md-color-map-\\" class=\\"quick-link quick-link__container\\"><a href=\\"#-md-color-map-tab-1-variable-md-color-map-\\" class=\\"quick-link__link quick-link__link--markdown\\"><i class=\\"md-icon material-icons\\" title=\\"Quick link to $md-color-map\\">link</i></a><a href=\\"?tab=1#variable-md-color-map\\" class=\\"link\\">$md-color-map</a></h3>
<p>This map contains every material design color so that you can quickly access them and optionally use
the <a href=\\"http://sass-lang.com/documentation/Sass/Script/Functions.html#map-functions\\" class=\\"link\\" rel=\\"noopener noreferrer\\">Sass Map functions</a>
to programmatically get colors. This is really just used for the <code>react-md-color-class-names mixin</code>.</p>
<h3 id=\\"-mixin-react-md-color-class-names-tab-1-mixin-react-md-color-class-names-\\" class=\\"quick-link quick-link__container\\"><a href=\\"#-mixin-react-md-color-class-names-tab-1-mixin-react-md-color-class-names-\\" class=\\"quick-link__link quick-link__link--markdown\\"><i class=\\"md-icon material-icons\\" title=\\"Quick link to mixin react-md-color-class-names\\">link</i></a><a href=\\"?tab=1#mixin-react-md-color-class-names\\" class=\\"link\\">mixin react-md-color-class-names</a></h3>
<p>This mixin will create two class names for every material design color: one for styling <code>color</code> (<code>--color</code>) and the
other for styling <code>background</code> (<code>--background</code>).</p>
<p>For example, if you want to display a warning by styling the background orange, you could apply
<code>.md-orange--background</code> to your component.</p>
<blockquote>
<p>By default, these utility class names will not be included with the <code>react-md-everything mixin</code>.
They can be included by either manually using the <code>react-md-color-class-names mixin</code> or by setting
the <code>$md-colors-include-class-names</code> variable to <code>true</code> before include the <code>react-md-everything mixin</code>;</p>
</blockquote>
<p>View the <a href=\\"/customization/colors?tab=1\\" class=\\"link\\">SassDoc tab</a> for more information.</p>
<h2 id=\\"available-colors\\" class=\\"quick-link quick-link__container\\"><a href=\\"#available-colors\\" class=\\"quick-link__link quick-link__link--markdown\\"><i class=\\"md-icon material-icons\\" title=\\"Quick link to Available Colors\\">link</i></a>Available Colors</h2>
",
      }
    }
    style={undefined}
  />
  <section
    className="md-grid color-palette"
    style={undefined}
  >
    <ul
      className="md-paper md-paper--1 md-list-unstyled md-cell md-cell--top"
      style={undefined}
    >
      <li
        className="color-palette__color color-palette__color--md-red-500 color-palette__color--primary"
      >
        <h4
          className="color-palette__color-name md-text-capitalize"
        >
          red
        </h4>
        <div
          className="color-palette__sass-variable"
        >
          md-red-500
        </div>
      </li>
      <li
        className="color-palette__color color-palette__color--light color-palette__color--md-red-50"
      >
        <div
          className="color-palette__sass-variable"
        >
          md-red-50
        </div>
      </li>
      <li
        className="color-palette__color color-palette__color--light color-palette__color--md-red-100"
      >
        <div
          className="color-palette__sass-variable"
        >
          md-red-100
        </div>
      </li>
      <li
        className="color-palette__color color-palette__color--light color-palette__color--md-red-200"
      >
        <div
          className="color-palette__sass-variable"
        >
          md-red-200
        </div>
      </li>
      <li
        className="color-palette__color color-palette__color--light color-palette__color--md-red-300"
      >
        <div
          className="color-palette__sass-variable"
        >
          md-red-300
        </div>
      </li>
      <li
        className="color-palette__color color-palette__color--md-red-400"
      >
        <div
          className="color-palette__sass-variable"
        >
          md-red-400
        </div>
      </li>
      <li
        className="color-palette__color color-palette__color--md-red-500"
      >
        <div
          className="color-palette__sass-variable"
        >
          md-red-500
        </div>
      </li>
      <li
        className="color-palette__color color-palette__color--md-red-600"
      >
        <div
          className="color-palette__sass-variable"
        >
          md-red-600
        </div>
      </li>
      <li
        className="color-palette__color color-palette__color--md-red-700"
      >
        <div
          className="color-palette__sass-variable"
        >
          md-red-700
        </div>
      </li>
      <li
        className="color-palette__color color-palette__color--md-red-800"
      >
        <div
          className="color-palette__sass-variable"
        >
          md-red-800
        </div>
      </li>
      <li
        className="color-palette__color color-palette__color--md-red-900"
      >
        <div
          className="color-palette__sass-variable"
        >
          md-red-900
        </div>
      </li>
      <li
        className="color-palette__color color-palette__color--light color-palette__color--divide color-palette__color--md-red-a-100"
      >
        <div
          className="color-palette__sass-variable"
        >
          md-red-a-100
        </div>
      </li>
      <li
        className="color-palette__color color-palette__color--md-red-a-200"
      >
        <div
          className="color-palette__sass-variable"
        >
          md-red-a-200
        </div>
      </li>
      <li
        className="color-palette__color color-palette__color--md-red-a-400"
      >
        <div
          className="color-palette__sass-variable"
        >
          md-red-a-400
        </div>
      </li>
      <li
        className="color-palette__color color-palette__color--md-red-a-700"
      >
        <div
          className="color-palette__sass-variable"
        >
          md-red-a-700
        </div>
      </li>
    </ul>
    <ul
      className="md-paper md-paper--1 md-list-unstyled md-cell md-cell--top"
      style={undefined}
    >
      <li
        className="color-palette__color color-palette__color--md-pink-500 color-palette__color--primary"
      >
        <h4
          className="color-palette__color-name md-text-capitalize"
        >
          pink
        </h4>
        <div
          className="color-palette__sass-variable"
        >
          md-pink-500
        </div>
      </li>
      <li
        className="color-palette__color color-palette__color--light color-palette__color--md-pink-50"
      >
        <div
          className="color-palette__sass-variable"
        >
          md-pink-50
        </div>
      </li>
      <li
        className="color-palette__color color-palette__color--light color-palette__color--md-pink-100"
      >
        <div
          className="color-palette__sass-variable"
        >
          md-pink-100
        </div>
      </li>
      <li
        className="color-palette__color color-palette__color--light color-palette__color--md-pink-200"
      >
        <div
          className="color-palette__sass-variable"
        >
          md-pink-200
        </div>
      </li>
      <li
        className="color-palette__color color-palette__color--md-pink-300"
      >
        <div
          className="color-palette__sass-variable"
        >
          md-pink-300
        </div>
      </li>
      <li
        className="color-palette__color color-palette__color--md-pink-400"
      >
        <div
          className="color-palette__sass-variable"
        >
          md-pink-400
        </div>
      </li>
      <li
        className="color-palette__color color-palette__color--md-pink-500"
      >
        <div
          className="color-palette__sass-variable"
        >
          md-pink-500
        </div>
      </li>
      <li
        className="color-palette__color color-palette__color--md-pink-600"
      >
        <div
          className="color-palette__sass-variable"
        >
          md-pink-600
        </div>
      </li>
      <li
        className="color-palette__color color-palette__color--md-pink-700"
      >
        <div
          className="color-palette__sass-variable"
        >
          md-pink-700
        </div>
      </li>
      <li
        className="color-palette__color color-palette__color--md-pink-800"
      >
        <div
          className="color-palette__sass-variable"
        >
          md-pink-800
        </div>
      </li>
      <li
        className="color-palette__color color-palette__color--md-pink-900"
      >
        <div
          className="color-palette__sass-variable"
        >
          md-pink-900
        </div>
      </li>
      <li
        className="color-palette__color color-palette__color--light color-palette__color--divide color-palette__color--md-pink-a-100"
      >
        <div
          className="color-palette__sass-variable"
        >
          md-pink-a-100
        </div>
      </li>
      <li
        className="color-palette__color color-palette__color--md-pink-a-200"
      >
        <div
          className="color-palette__sass-variable"
        >
          md-pink-a-200
        </div>
      </li>
      <li
        className="color-palette__color color-palette__color--md-pink-a-400"
      >
        <div
          className="color-palette__sass-variable"
        >
          md-pink-a-400
        </div>
      </li>
      <li
        className="color-palette__color color-palette__color--md-pink-a-700"
      >
        <div
          className="color-palette__sass-variable"
        >
          md-pink-a-700
        </div>
      </li>
    </ul>
    <ul
      className="md-paper md-paper--1 md-list-unstyled md-cell md-cell--top"
      style={undefined}
    >
      <li
        className="color-palette__color color-palette__color--md-purple-500 color-palette__color--primary"
      >
        <h4
          className="color-palette__color-name md-text-capitalize"
        >
          purple
        </h4>
        <div
          className="color-palette__sass-variable"
        >
          md-purple-500
        </div>
      </li>
      <li
        className="color-palette__color color-palette__color--light color-palette__color--md-purple-50"
      >
        <div
          className="color-palette__sass-variable"
        >
          md-purple-50
        </div>
      </li>
      <li
        className="color-palette__color color-palette__color--light color-palette__color--md-purple-100"
      >
        <div
          className="color-palette__sass-variable"
        >
          md-purple-100
        </div>
      </li>
      <li
        className="color-palette__color color-palette__color--light color-palette__color--md-purple-200"
      >
        <div
          className="color-palette__sass-variable"
        >
          md-purple-200
        </div>
      </li>
      <li
        className="color-palette__color color-palette__color--md-purple-300"
      >
        <div
          className="color-palette__sass-variable"
        >
          md-purple-300
        </div>
      </li>
      <li
        className="color-palette__color color-palette__color--md-purple-400"
      >
        <div
          className="color-palette__sass-variable"
        >
          md-purple-400
        </div>
      </li>
      <li
        className="color-palette__color color-palette__color--md-purple-500"
      >
        <div
          className="color-palette__sass-variable"
        >
          md-purple-500
        </div>
      </li>
      <li
        className="color-palette__color color-palette__color--md-purple-600"
      >
        <div
          className="color-palette__sass-variable"
        >
          md-purple-600
        </div>
      </li>
      <li
        className="color-palette__color color-palette__color--md-purple-700"
      >
        <div
          className="color-palette__sass-variable"
        >
          md-purple-700
        </div>
      </li>
      <li
        className="color-palette__color color-palette__color--md-purple-800"
      >
        <div
          className="color-palette__sass-variable"
        >
          md-purple-800
        </div>
      </li>
      <li
        className="color-palette__color color-palette__color--md-purple-900"
      >
        <div
          className="color-palette__sass-variable"
        >
          md-purple-900
        </div>
      </li>
      <li
        className="color-palette__color color-palette__color--light color-palette__color--divide color-palette__color--md-purple-a-100"
      >
        <div
          className="color-palette__sass-variable"
        >
          md-purple-a-100
        </div>
      </li>
      <li
        className="color-palette__color color-palette__color--md-purple-a-200"
      >
        <div
          className="color-palette__sass-variable"
        >
          md-purple-a-200
        </div>
      </li>
      <li
        className="color-palette__color color-palette__color--md-purple-a-400"
      >
        <div
          className="color-palette__sass-variable"
        >
          md-purple-a-400
        </div>
      </li>
      <li
        className="color-palette__color color-palette__color--md-purple-a-700"
      >
        <div
          className="color-palette__sass-variable"
        >
          md-purple-a-700
        </div>
      </li>
    </ul>
    <ul
      className="md-paper md-paper--1 md-list-unstyled md-cell md-cell--top"
      style={undefined}
    >
      <li
        className="color-palette__color color-palette__color--md-deep-purple-500 color-palette__color--primary"
      >
        <h4
          className="color-palette__color-name md-text-capitalize"
        >
          deep purple
        </h4>
        <div
          className="color-palette__sass-variable"
        >
          md-deep-purple-500
        </div>
      </li>
      <li
        className="color-palette__color color-palette__color--light color-palette__color--md-deep-purple-50"
      >
        <div
          className="color-palette__sass-variable"
        >
          md-deep-purple-50
        </div>
      </li>
      <li
        className="color-palette__color color-palette__color--light color-palette__color--md-deep-purple-100"
      >
        <div
          className="color-palette__sass-variable"
        >
          md-deep-purple-100
        </div>
      </li>
      <li
        className="color-palette__color color-palette__color--light color-palette__color--md-deep-purple-200"
      >
        <div
          className="color-palette__sass-variable"
        >
          md-deep-purple-200
        </div>
      </li>
      <li
        className="color-palette__color color-palette__color--md-deep-purple-300"
      >
        <div
          className="color-palette__sass-variable"
        >
          md-deep-purple-300
        </div>
      </li>
      <li
        className="color-palette__color color-palette__color--md-deep-purple-400"
      >
        <div
          className="color-palette__sass-variable"
        >
          md-deep-purple-400
        </div>
      </li>
      <li
        className="color-palette__color color-palette__color--md-deep-purple-500"
      >
        <div
          className="color-palette__sass-variable"
        >
          md-deep-purple-500
        </div>
      </li>
      <li
        className="color-palette__color color-palette__color--md-deep-purple-600"
      >
        <div
          className="color-palette__sass-variable"
        >
          md-deep-purple-600
        </div>
      </li>
      <li
        className="color-palette__color color-palette__color--md-deep-purple-700"
      >
        <div
          className="color-palette__sass-variable"
        >
          md-deep-purple-700
        </div>
      </li>
      <li
        className="color-palette__color color-palette__color--md-deep-purple-800"
      >
        <div
          className="color-palette__sass-variable"
        >
          md-deep-purple-800
        </div>
      </li>
      <li
        className="color-palette__color color-palette__color--md-deep-purple-900"
      >
        <div
          className="color-palette__sass-variable"
        >
          md-deep-purple-900
        </div>
      </li>
      <li
        className="color-palette__color color-palette__color--light color-palette__color--divide color-palette__color--md-deep-purple-a-100"
      >
        <div
          className="color-palette__sass-variable"
        >
          md-deep-purple-a-100
        </div>
      </li>
      <li
        className="color-palette__color color-palette__color--md-deep-purple-a-200"
      >
        <div
          className="color-palette__sass-variable"
        >
          md-deep-purple-a-200
        </div>
      </li>
      <li
        className="color-palette__color color-palette__color--md-deep-purple-a-400"
      >
        <div
          className="color-palette__sass-variable"
        >
          md-deep-purple-a-400
        </div>
      </li>
      <li
        className="color-palette__color color-palette__color--md-deep-purple-a-700"
      >
        <div
          className="color-palette__sass-variable"
        >
          md-deep-purple-a-700
        </div>
      </li>
    </ul>
    <ul
      className="md-paper md-paper--1 md-list-unstyled md-cell md-cell--top"
      style={undefined}
    >
      <li
        className="color-palette__color color-palette__color--md-indigo-500 color-palette__color--primary"
      >
        <h4
          className="color-palette__color-name md-text-capitalize"
        >
          indigo
        </h4>
        <div
          className="color-palette__sass-variable"
        >
          md-indigo-500
        </div>
      </li>
      <li
        className="color-palette__color color-palette__color--light color-palette__color--md-indigo-50"
      >
        <div
          className="color-palette__sass-variable"
        >
          md-indigo-50
        </div>
      </li>
      <li
        className="color-palette__color color-palette__color--light color-palette__color--md-indigo-100"
      >
        <div
          className="color-palette__sass-variable"
        >
          md-indigo-100
        </div>
      </li>
      <li
        className="color-palette__color color-palette__color--light color-palette__color--md-indigo-200"
      >
        <div
          className="color-palette__sass-variable"
        >
          md-indigo-200
        </div>
      </li>
      <li
        className="color-palette__color color-palette__color--md-indigo-300"
      >
        <div
          className="color-palette__sass-variable"
        >
          md-indigo-300
        </div>
      </li>
      <li
        className="color-palette__color color-palette__color--md-indigo-400"
      >
        <div
          className="color-palette__sass-variable"
        >
          md-indigo-400
        </div>
      </li>
      <li
        className="color-palette__color color-palette__color--md-indigo-500"
      >
        <div
          className="color-palette__sass-variable"
        >
          md-indigo-500
        </div>
      </li>
      <li
        className="color-palette__color color-palette__color--md-indigo-600"
      >
        <div
          className="color-palette__sass-variable"
        >
          md-indigo-600
        </div>
      </li>
      <li
        className="color-palette__color color-palette__color--md-indigo-700"
      >
        <div
          className="color-palette__sass-variable"
        >
          md-indigo-700
        </div>
      </li>
      <li
        className="color-palette__color color-palette__color--md-indigo-800"
      >
        <div
          className="color-palette__sass-variable"
        >
          md-indigo-800
        </div>
      </li>
      <li
        className="color-palette__color color-palette__color--md-indigo-900"
      >
        <div
          className="color-palette__sass-variable"
        >
          md-indigo-900
        </div>
      </li>
      <li
        className="color-palette__color color-palette__color--light color-palette__color--divide color-palette__color--md-indigo-a-100"
      >
        <div
          className="color-palette__sass-variable"
        >
          md-indigo-a-100
        </div>
      </li>
      <li
        className="color-palette__color color-palette__color--md-indigo-a-200"
      >
        <div
          className="color-palette__sass-variable"
        >
          md-indigo-a-200
        </div>
      </li>
      <li
        className="color-palette__color color-palette__color--md-indigo-a-400"
      >
        <div
          className="color-palette__sass-variable"
        >
          md-indigo-a-400
        </div>
      </li>
      <li
        className="color-palette__color color-palette__color--md-indigo-a-700"
      >
        <div
          className="color-palette__sass-variable"
        >
          md-indigo-a-700
        </div>
      </li>
    </ul>
    <ul
      className="md-paper md-paper--1 md-list-unstyled md-cell md-cell--top"
      style={undefined}
    >
      <li
        className="color-palette__color color-palette__color--md-blue-500 color-palette__color--primary"
      >
        <h4
          className="color-palette__color-name md-text-capitalize"
        >
          blue
        </h4>
        <div
          className="color-palette__sass-variable"
        >
          md-blue-500
        </div>
      </li>
      <li
        className="color-palette__color color-palette__color--light color-palette__color--md-blue-50"
      >
        <div
          className="color-palette__sass-variable"
        >
          md-blue-50
        </div>
      </li>
      <li
        className="color-palette__color color-palette__color--light color-palette__color--md-blue-100"
      >
        <div
          className="color-palette__sass-variable"
        >
          md-blue-100
        </div>
      </li>
      <li
        className="color-palette__color color-palette__color--light color-palette__color--md-blue-200"
      >
        <div
          className="color-palette__sass-variable"
        >
          md-blue-200
        </div>
      </li>
      <li
        className="color-palette__color color-palette__color--light color-palette__color--md-blue-300"
      >
        <div
          className="color-palette__sass-variable"
        >
          md-blue-300
        </div>
      </li>
      <li
        className="color-palette__color color-palette__color--light color-palette__color--md-blue-400"
      >
        <div
          className="color-palette__sass-variable"
        >
          md-blue-400
        </div>
      </li>
      <li
        className="color-palette__color color-palette__color--md-blue-500"
      >
        <div
          className="color-palette__sass-variable"
        >
          md-blue-500
        </div>
      </li>
      <li
        className="color-palette__color color-palette__color--md-blue-600"
      >
        <div
          className="color-palette__sass-variable"
        >
          md-blue-600
        </div>
      </li>
      <li
        className="color-palette__color color-palette__color--md-blue-700"
      >
        <div
          className="color-palette__sass-variable"
        >
          md-blue-700
        </div>
      </li>
      <li
        className="color-palette__color color-palette__color--md-blue-800"
      >
        <div
          className="color-palette__sass-variable"
        >
          md-blue-800
        </div>
      </li>
      <li
        className="color-palette__color color-palette__color--md-blue-900"
      >
        <div
          className="color-palette__sass-variable"
        >
          md-blue-900
        </div>
      </li>
      <li
        className="color-palette__color color-palette__color--light color-palette__color--divide color-palette__color--md-blue-a-100"
      >
        <div
          className="color-palette__sass-variable"
        >
          md-blue-a-100
        </div>
      </li>
      <li
        className="color-palette__color color-palette__color--md-blue-a-200"
      >
        <div
          className="color-palette__sass-variable"
        >
          md-blue-a-200
        </div>
      </li>
      <li
        className="color-palette__color color-palette__color--md-blue-a-400"
      >
        <div
          className="color-palette__sass-variable"
        >
          md-blue-a-400
        </div>
      </li>
      <li
        className="color-palette__color color-palette__color--md-blue-a-700"
      >
        <div
          className="color-palette__sass-variable"
        >
          md-blue-a-700
        </div>
      </li>
    </ul>
    <ul
      className="md-paper md-paper--1 md-list-unstyled md-cell md-cell--top"
      style={undefined}
    >
      <li
        className="color-palette__color color-palette__color--light color-palette__color--md-light-blue-500 color-palette__color--primary"
      >
        <h4
          className="color-palette__color-name md-text-capitalize"
        >
          light blue
        </h4>
        <div
          className="color-palette__sass-variable"
        >
          md-light-blue-500
        </div>
      </li>
      <li
        className="color-palette__color color-palette__color--light color-palette__color--md-light-blue-50"
      >
        <div
          className="color-palette__sass-variable"
        >
          md-light-blue-50
        </div>
      </li>
      <li
        className="color-palette__color color-palette__color--light color-palette__color--md-light-blue-100"
      >
        <div
          className="color-palette__sass-variable"
        >
          md-light-blue-100
        </div>
      </li>
      <li
        className="color-palette__color color-palette__color--light color-palette__color--md-light-blue-200"
      >
        <div
          className="color-palette__sass-variable"
        >
          md-light-blue-200
        </div>
      </li>
      <li
        className="color-palette__color color-palette__color--light color-palette__color--md-light-blue-300"
      >
        <div
          className="color-palette__sass-variable"
        >
          md-light-blue-300
        </div>
      </li>
      <li
        className="color-palette__color color-palette__color--light color-palette__color--md-light-blue-400"
      >
        <div
          className="color-palette__sass-variable"
        >
          md-light-blue-400
        </div>
      </li>
      <li
        className="color-palette__color color-palette__color--light color-palette__color--md-light-blue-500"
      >
        <div
          className="color-palette__sass-variable"
        >
          md-light-blue-500
        </div>
      </li>
      <li
        className="color-palette__color color-palette__color--md-light-blue-600"
      >
        <div
          className="color-palette__sass-variable"
        >
          md-light-blue-600
        </div>
      </li>
      <li
        className="color-palette__color color-palette__color--md-light-blue-700"
      >
        <div
          className="color-palette__sass-variable"
        >
          md-light-blue-700
        </div>
      </li>
      <li
        className="color-palette__color color-palette__color--md-light-blue-800"
      >
        <div
          className="color-palette__sass-variable"
        >
          md-light-blue-800
        </div>
      </li>
      <li
        className="color-palette__color color-palette__color--md-light-blue-900"
      >
        <div
          className="color-palette__sass-variable"
        >
          md-light-blue-900
        </div>
      </li>
      <li
        className="color-palette__color color-palette__color--light color-palette__color--divide color-palette__color--md-light-blue-a-100"
      >
        <div
          className="color-palette__sass-variable"
        >
          md-light-blue-a-100
        </div>
      </li>
      <li
        className="color-palette__color color-palette__color--light color-palette__color--md-light-blue-a-200"
      >
        <div
          className="color-palette__sass-variable"
        >
          md-light-blue-a-200
        </div>
      </li>
      <li
        className="color-palette__color color-palette__color--light color-palette__color--md-light-blue-a-400"
      >
        <div
          className="color-palette__sass-variable"
        >
          md-light-blue-a-400
        </div>
      </li>
      <li
        className="color-palette__color color-palette__color--md-light-blue-a-700"
      >
        <div
          className="color-palette__sass-variable"
        >
          md-light-blue-a-700
        </div>
      </li>
    </ul>
    <ul
      className="md-paper md-paper--1 md-list-unstyled md-cell md-cell--top"
      style={undefined}
    >
      <li
        className="color-palette__color color-palette__color--light color-palette__color--md-cyan-500 color-palette__color--primary"
      >
        <h4
          className="color-palette__color-name md-text-capitalize"
        >
          cyan
        </h4>
        <div
          className="color-palette__sass-variable"
        >
          md-cyan-500
        </div>
      </li>
      <li
        className="color-palette__color color-palette__color--light color-palette__color--md-cyan-50"
      >
        <div
          className="color-palette__sass-variable"
        >
          md-cyan-50
        </div>
      </li>
      <li
        className="color-palette__color color-palette__color--light color-palette__color--md-cyan-100"
      >
        <div
          className="color-palette__sass-variable"
        >
          md-cyan-100
        </div>
      </li>
      <li
        className="color-palette__color color-palette__color--light color-palette__color--md-cyan-200"
      >
        <div
          className="color-palette__sass-variable"
        >
          md-cyan-200
        </div>
      </li>
      <li
        className="color-palette__color color-palette__color--light color-palette__color--md-cyan-300"
      >
        <div
          className="color-palette__sass-variable"
        >
          md-cyan-300
        </div>
      </li>
      <li
        className="color-palette__color color-palette__color--light color-palette__color--md-cyan-400"
      >
        <div
          className="color-palette__sass-variable"
        >
          md-cyan-400
        </div>
      </li>
      <li
        className="color-palette__color color-palette__color--light color-palette__color--md-cyan-500"
      >
        <div
          className="color-palette__sass-variable"
        >
          md-cyan-500
        </div>
      </li>
      <li
        className="color-palette__color color-palette__color--light color-palette__color--md-cyan-600"
      >
        <div
          className="color-palette__sass-variable"
        >
          md-cyan-600
        </div>
      </li>
      <li
        className="color-palette__color color-palette__color--md-cyan-700"
      >
        <div
          className="color-palette__sass-variable"
        >
          md-cyan-700
        </div>
      </li>
      <li
        className="color-palette__color color-palette__color--md-cyan-800"
      >
        <div
          className="color-palette__sass-variable"
        >
          md-cyan-800
        </div>
      </li>
      <li
        className="color-palette__color color-palette__color--md-cyan-900"
      >
        <div
          className="color-palette__sass-variable"
        >
          md-cyan-900
        </div>
      </li>
      <li
        className="color-palette__color color-palette__color--light color-palette__color--divide color-palette__color--md-cyan-a-100"
      >
        <div
          className="color-palette__sass-variable"
        >
          md-cyan-a-100
        </div>
      </li>
      <li
        className="color-palette__color color-palette__color--light color-palette__color--md-cyan-a-200"
      >
        <div
          className="color-palette__sass-variable"
        >
          md-cyan-a-200
        </div>
      </li>
      <li
        className="color-palette__color color-palette__color--light color-palette__color--md-cyan-a-400"
      >
        <div
          className="color-palette__sass-variable"
        >
          md-cyan-a-400
        </div>
      </li>
      <li
        className="color-palette__color color-palette__color--light color-palette__color--md-cyan-a-700"
      >
        <div
          className="color-palette__sass-variable"
        >
          md-cyan-a-700
        </div>
      </li>
    </ul>
    <ul
      className="md-paper md-paper--1 md-list-unstyled md-cell md-cell--top"
      style={undefined}
    >
      <li
        className="color-palette__color color-palette__color--md-teal-500 color-palette__color--primary"
      >
        <h4
          className="color-palette__color-name md-text-capitalize"
        >
          teal
        </h4>
        <div
          className="color-palette__sass-variable"
        >
          md-teal-500
        </div>
      </li>
      <li
        className="color-palette__color color-palette__color--light color-palette__color--md-teal-50"
      >
        <div
          className="color-palette__sass-variable"
        >
          md-teal-50
        </div>
      </li>
      <li
        className="color-palette__color color-palette__color--light color-palette__color--md-teal-100"
      >
        <div
          className="color-palette__sass-variable"
        >
          md-teal-100
        </div>
      </li>
      <li
        className="color-palette__color color-palette__color--light color-palette__color--md-teal-200"
      >
        <div
          className="color-palette__sass-variable"
        >
          md-teal-200
        </div>
      </li>
      <li
        className="color-palette__color color-palette__color--light color-palette__color--md-teal-300"
      >
        <div
          className="color-palette__sass-variable"
        >
          md-teal-300
        </div>
      </li>
      <li
        className="color-palette__color color-palette__color--light color-palette__color--md-teal-400"
      >
        <div
          className="color-palette__sass-variable"
        >
          md-teal-400
        </div>
      </li>
      <li
        className="color-palette__color color-palette__color--md-teal-500"
      >
        <div
          className="color-palette__sass-variable"
        >
          md-teal-500
        </div>
      </li>
      <li
        className="color-palette__color color-palette__color--md-teal-600"
      >
        <div
          className="color-palette__sass-variable"
        >
          md-teal-600
        </div>
      </li>
      <li
        className="color-palette__color color-palette__color--md-teal-700"
      >
        <div
          className="color-palette__sass-variable"
        >
          md-teal-700
        </div>
      </li>
      <li
        className="color-palette__color color-palette__color--md-teal-800"
      >
        <div
          className="color-palette__sass-variable"
        >
          md-teal-800
        </div>
      </li>
      <li
        className="color-palette__color color-palette__color--md-teal-900"
      >
        <div
          className="color-palette__sass-variable"
        >
          md-teal-900
        </div>
      </li>
      <li
        className="color-palette__color color-palette__color--light color-palette__color--divide color-palette__color--md-teal-a-100"
      >
        <div
          className="color-palette__sass-variable"
        >
          md-teal-a-100
        </div>
      </li>
      <li
        className="color-palette__color color-palette__color--light color-palette__color--md-teal-a-200"
      >
        <div
          className="color-palette__sass-variable"
        >
          md-teal-a-200
        </div>
      </li>
      <li
        className="color-palette__color color-palette__color--light color-palette__color--md-teal-a-400"
      >
        <div
          className="color-palette__sass-variable"
        >
          md-teal-a-400
        </div>
      </li>
      <li
        className="color-palette__color color-palette__color--light color-palette__color--md-teal-a-700"
      >
        <div
          className="color-palette__sass-variable"
        >
          md-teal-a-700
        </div>
      </li>
    </ul>
    <ul
      className="md-paper md-paper--1 md-list-unstyled md-cell md-cell--top"
      style={undefined}
    >
      <li
        className="color-palette__color color-palette__color--light color-palette__color--md-green-500 color-palette__color--primary"
      >
        <h4
          className="color-palette__color-name md-text-capitalize"
        >
          green
        </h4>
        <div
          className="color-palette__sass-variable"
        >
          md-green-500
        </div>
      </li>
      <li
        className="color-palette__color color-palette__color--light color-palette__color--md-green-50"
      >
        <div
          className="color-palette__sass-variable"
        >
          md-green-50
        </div>
      </li>
      <li
        className="color-palette__color color-palette__color--light color-palette__color--md-green-100"
      >
        <div
          className="color-palette__sass-variable"
        >
          md-green-100
        </div>
      </li>
      <li
        className="color-palette__color color-palette__color--light color-palette__color--md-green-200"
      >
        <div
          className="color-palette__sass-variable"
        >
          md-green-200
        </div>
      </li>
      <li
        className="color-palette__color color-palette__color--light color-palette__color--md-green-300"
      >
        <div
          className="color-palette__sass-variable"
        >
          md-green-300
        </div>
      </li>
      <li
        className="color-palette__color color-palette__color--light color-palette__color--md-green-400"
      >
        <div
          className="color-palette__sass-variable"
        >
          md-green-400
        </div>
      </li>
      <li
        className="color-palette__color color-palette__color--light color-palette__color--md-green-500"
      >
        <div
          className="color-palette__sass-variable"
        >
          md-green-500
        </div>
      </li>
      <li
        className="color-palette__color color-palette__color--md-green-600"
      >
        <div
          className="color-palette__sass-variable"
        >
          md-green-600
        </div>
      </li>
      <li
        className="color-palette__color color-palette__color--md-green-700"
      >
        <div
          className="color-palette__sass-variable"
        >
          md-green-700
        </div>
      </li>
      <li
        className="color-palette__color color-palette__color--md-green-800"
      >
        <div
          className="color-palette__sass-variable"
        >
          md-green-800
        </div>
      </li>
      <li
        className="color-palette__color color-palette__color--md-green-900"
      >
        <div
          className="color-palette__sass-variable"
        >
          md-green-900
        </div>
      </li>
      <li
        className="color-palette__color color-palette__color--light color-palette__color--divide color-palette__color--md-green-a-100"
      >
        <div
          className="color-palette__sass-variable"
        >
          md-green-a-100
        </div>
      </li>
      <li
        className="color-palette__color color-palette__color--light color-palette__color--md-green-a-200"
      >
        <div
          className="color-palette__sass-variable"
        >
          md-green-a-200
        </div>
      </li>
      <li
        className="color-palette__color color-palette__color--light color-palette__color--md-green-a-400"
      >
        <div
          className="color-palette__sass-variable"
        >
          md-green-a-400
        </div>
      </li>
      <li
        className="color-palette__color color-palette__color--light color-palette__color--md-green-a-700"
      >
        <div
          className="color-palette__sass-variable"
        >
          md-green-a-700
        </div>
      </li>
    </ul>
    <ul
      className="md-paper md-paper--1 md-list-unstyled md-cell md-cell--top"
      style={undefined}
    >
      <li
        className="color-palette__color color-palette__color--light color-palette__color--md-light-green-500 color-palette__color--primary"
      >
        <h4
          className="color-palette__color-name md-text-capitalize"
        >
          light green
        </h4>
        <div
          className="color-palette__sass-variable"
        >
          md-light-green-500
        </div>
      </li>
      <li
        className="color-palette__color color-palette__color--light color-palette__color--md-light-green-50"
      >
        <div
          className="color-palette__sass-variable"
        >
          md-light-green-50
        </div>
      </li>
      <li
        className="color-palette__color color-palette__color--light color-palette__color--md-light-green-100"
      >
        <div
          className="color-palette__sass-variable"
        >
          md-light-green-100
        </div>
      </li>
      <li
        className="color-palette__color color-palette__color--light color-palette__color--md-light-green-200"
      >
        <div
          className="color-palette__sass-variable"
        >
          md-light-green-200
        </div>
      </li>
      <li
        className="color-palette__color color-palette__color--light color-palette__color--md-light-green-300"
      >
        <div
          className="color-palette__sass-variable"
        >
          md-light-green-300
        </div>
      </li>
      <li
        className="color-palette__color color-palette__color--light color-palette__color--md-light-green-400"
      >
        <div
          className="color-palette__sass-variable"
        >
          md-light-green-400
        </div>
      </li>
      <li
        className="color-palette__color color-palette__color--light color-palette__color--md-light-green-500"
      >
        <div
          className="color-palette__sass-variable"
        >
          md-light-green-500
        </div>
      </li>
      <li
        className="color-palette__color color-palette__color--light color-palette__color--md-light-green-600"
      >
        <div
          className="color-palette__sass-variable"
        >
          md-light-green-600
        </div>
      </li>
      <li
        className="color-palette__color color-palette__color--md-light-green-700"
      >
        <div
          className="color-palette__sass-variable"
        >
          md-light-green-700
        </div>
      </li>
      <li
        className="color-palette__color color-palette__color--md-light-green-800"
      >
        <div
          className="color-palette__sass-variable"
        >
          md-light-green-800
        </div>
      </li>
      <li
        className="color-palette__color color-palette__color--md-light-green-900"
      >
        <div
          className="color-palette__sass-variable"
        >
          md-light-green-900
        </div>
      </li>
      <li
        className="color-palette__color color-palette__color--light color-palette__color--divide color-palette__color--md-light-green-a-100"
      >
        <div
          className="color-palette__sass-variable"
        >
          md-light-green-a-100
        </div>
      </li>
      <li
        className="color-palette__color color-palette__color--light color-palette__color--md-light-green-a-200"
      >
        <div
          className="color-palette__sass-variable"
        >
          md-light-green-a-200
        </div>
      </li>
      <li
        className="color-palette__color color-palette__color--light color-palette__color--md-light-green-a-400"
      >
        <div
          className="color-palette__sass-variable"
        >
          md-light-green-a-400
        </div>
      </li>
      <li
        className="color-palette__color color-palette__color--light color-palette__color--md-light-green-a-700"
      >
        <div
          className="color-palette__sass-variable"
        >
          md-light-green-a-700
        </div>
      </li>
    </ul>
    <ul
      className="md-paper md-paper--1 md-list-unstyled md-cell md-cell--top"
      style={undefined}
    >
      <li
        className="color-palette__color color-palette__color--light color-palette__color--md-lime-500 color-palette__color--primary"
      >
        <h4
          className="color-palette__color-name md-text-capitalize"
        >
          lime
        </h4>
        <div
          className="color-palette__sass-variable"
        >
          md-lime-500
        </div>
      </li>
      <li
        className="color-palette__color color-palette__color--light color-palette__color--md-lime-50"
      >
        <div
          className="color-palette__sass-variable"
        >
          md-lime-50
        </div>
      </li>
      <li
        className="color-palette__color color-palette__color--light color-palette__color--md-lime-100"
      >
        <div
          className="color-palette__sass-variable"
        >
          md-lime-100
        </div>
      </li>
      <li
        className="color-palette__color color-palette__color--light color-palette__color--md-lime-200"
      >
        <div
          className="color-palette__sass-variable"
        >
          md-lime-200
        </div>
      </li>
      <li
        className="color-palette__color color-palette__color--light color-palette__color--md-lime-300"
      >
        <div
          className="color-palette__sass-variable"
        >
          md-lime-300
        </div>
      </li>
      <li
        className="color-palette__color color-palette__color--light color-palette__color--md-lime-400"
      >
        <div
          className="color-palette__sass-variable"
        >
          md-lime-400
        </div>
      </li>
      <li
        className="color-palette__color color-palette__color--light color-palette__color--md-lime-500"
      >
        <div
          className="color-palette__sass-variable"
        >
          md-lime-500
        </div>
      </li>
      <li
        className="color-palette__color color-palette__color--light color-palette__color--md-lime-600"
      >
        <div
          className="color-palette__sass-variable"
        >
          md-lime-600
        </div>
      </li>
      <li
        className="color-palette__color color-palette__color--light color-palette__color--md-lime-700"
      >
        <div
          className="color-palette__sass-variable"
        >
          md-lime-700
        </div>
      </li>
      <li
        className="color-palette__color color-palette__color--light color-palette__color--md-lime-800"
      >
        <div
          className="color-palette__sass-variable"
        >
          md-lime-800
        </div>
      </li>
      <li
        className="color-palette__color color-palette__color--md-lime-900"
      >
        <div
          className="color-palette__sass-variable"
        >
          md-lime-900
        </div>
      </li>
      <li
        className="color-palette__color color-palette__color--light color-palette__color--divide color-palette__color--md-lime-a-100"
      >
        <div
          className="color-palette__sass-variable"
        >
          md-lime-a-100
        </div>
      </li>
      <li
        className="color-palette__color color-palette__color--light color-palette__color--md-lime-a-200"
      >
        <div
          className="color-palette__sass-variable"
        >
          md-lime-a-200
        </div>
      </li>
      <li
        className="color-palette__color color-palette__color--light color-palette__color--md-lime-a-400"
      >
        <div
          className="color-palette__sass-variable"
        >
          md-lime-a-400
        </div>
      </li>
      <li
        className="color-palette__color color-palette__color--light color-palette__color--md-lime-a-700"
      >
        <div
          className="color-palette__sass-variable"
        >
          md-lime-a-700
        </div>
      </li>
    </ul>
    <ul
      className="md-paper md-paper--1 md-list-unstyled md-cell md-cell--top"
      style={undefined}
    >
      <li
        className="color-palette__color color-palette__color--light color-palette__color--md-yellow-500 color-palette__color--primary"
      >
        <h4
          className="color-palette__color-name md-text-capitalize"
        >
          yellow
        </h4>
        <div
          className="color-palette__sass-variable"
        >
          md-yellow-500
        </div>
      </li>
      <li
        className="color-palette__color color-palette__color--light color-palette__color--md-yellow-50"
      >
        <div
          className="color-palette__sass-variable"
        >
          md-yellow-50
        </div>
      </li>
      <li
        className="color-palette__color color-palette__color--light color-palette__color--md-yellow-100"
      >
        <div
          className="color-palette__sass-variable"
        >
          md-yellow-100
        </div>
      </li>
      <li
        className="color-palette__color color-palette__color--light color-palette__color--md-yellow-200"
      >
        <div
          className="color-palette__sass-variable"
        >
          md-yellow-200
        </div>
      </li>
      <li
        className="color-palette__color color-palette__color--light color-palette__color--md-yellow-300"
      >
        <div
          className="color-palette__sass-variable"
        >
          md-yellow-300
        </div>
      </li>
      <li
        className="color-palette__color color-palette__color--light color-palette__color--md-yellow-400"
      >
        <div
          className="color-palette__sass-variable"
        >
          md-yellow-400
        </div>
      </li>
      <li
        className="color-palette__color color-palette__color--light color-palette__color--md-yellow-500"
      >
        <div
          className="color-palette__sass-variable"
        >
          md-yellow-500
        </div>
      </li>
      <li
        className="color-palette__color color-palette__color--light color-palette__color--md-yellow-600"
      >
        <div
          className="color-palette__sass-variable"
        >
          md-yellow-600
        </div>
      </li>
      <li
        className="color-palette__color color-palette__color--light color-palette__color--md-yellow-700"
      >
        <div
          className="color-palette__sass-variable"
        >
          md-yellow-700
        </div>
      </li>
      <li
        className="color-palette__color color-palette__color--light color-palette__color--md-yellow-800"
      >
        <div
          className="color-palette__sass-variable"
        >
          md-yellow-800
        </div>
      </li>
      <li
        className="color-palette__color color-palette__color--light color-palette__color--md-yellow-900"
      >
        <div
          className="color-palette__sass-variable"
        >
          md-yellow-900
        </div>
      </li>
      <li
        className="color-palette__color color-palette__color--light color-palette__color--divide color-palette__color--md-yellow-a-100"
      >
        <div
          className="color-palette__sass-variable"
        >
          md-yellow-a-100
        </div>
      </li>
      <li
        className="color-palette__color color-palette__color--light color-palette__color--md-yellow-a-200"
      >
        <div
          className="color-palette__sass-variable"
        >
          md-yellow-a-200
        </div>
      </li>
      <li
        className="color-palette__color color-palette__color--light color-palette__color--md-yellow-a-400"
      >
        <div
          className="color-palette__sass-variable"
        >
          md-yellow-a-400
        </div>
      </li>
      <li
        className="color-palette__color color-palette__color--light color-palette__color--md-yellow-a-700"
      >
        <div
          className="color-palette__sass-variable"
        >
          md-yellow-a-700
        </div>
      </li>
    </ul>
    <ul
      className="md-paper md-paper--1 md-list-unstyled md-cell md-cell--top"
      style={undefined}
    >
      <li
        className="color-palette__color color-palette__color--light color-palette__color--md-amber-500 color-palette__color--primary"
      >
        <h4
          className="color-palette__color-name md-text-capitalize"
        >
          amber
        </h4>
        <div
          className="color-palette__sass-variable"
        >
          md-amber-500
        </div>
      </li>
      <li
        className="color-palette__color color-palette__color--light color-palette__color--md-amber-50"
      >
        <div
          className="color-palette__sass-variable"
        >
          md-amber-50
        </div>
      </li>
      <li
        className="color-palette__color color-palette__color--light color-palette__color--md-amber-100"
      >
        <div
          className="color-palette__sass-variable"
        >
          md-amber-100
        </div>
      </li>
      <li
        className="color-palette__color color-palette__color--light color-palette__color--md-amber-200"
      >
        <div
          className="color-palette__sass-variable"
        >
          md-amber-200
        </div>
      </li>
      <li
        className="color-palette__color color-palette__color--light color-palette__color--md-amber-300"
      >
        <div
          className="color-palette__sass-variable"
        >
          md-amber-300
        </div>
      </li>
      <li
        className="color-palette__color color-palette__color--light color-palette__color--md-amber-400"
      >
        <div
          className="color-palette__sass-variable"
        >
          md-amber-400
        </div>
      </li>
      <li
        className="color-palette__color color-palette__color--light color-palette__color--md-amber-500"
      >
        <div
          className="color-palette__sass-variable"
        >
          md-amber-500
        </div>
      </li>
      <li
        className="color-palette__color color-palette__color--light color-palette__color--md-amber-600"
      >
        <div
          className="color-palette__sass-variable"
        >
          md-amber-600
        </div>
      </li>
      <li
        className="color-palette__color color-palette__color--light color-palette__color--md-amber-700"
      >
        <div
          className="color-palette__sass-variable"
        >
          md-amber-700
        </div>
      </li>
      <li
        className="color-palette__color color-palette__color--light color-palette__color--md-amber-800"
      >
        <div
          className="color-palette__sass-variable"
        >
          md-amber-800
        </div>
      </li>
      <li
        className="color-palette__color color-palette__color--light color-palette__color--md-amber-900"
      >
        <div
          className="color-palette__sass-variable"
        >
          md-amber-900
        </div>
      </li>
      <li
        className="color-palette__color color-palette__color--light color-palette__color--divide color-palette__color--md-amber-a-100"
      >
        <div
          className="color-palette__sass-variable"
        >
          md-amber-a-100
        </div>
      </li>
      <li
        className="color-palette__color color-palette__color--light color-palette__color--md-amber-a-200"
      >
        <div
          className="color-palette__sass-variable"
        >
          md-amber-a-200
        </div>
      </li>
      <li
        className="color-palette__color color-palette__color--light color-palette__color--md-amber-a-400"
      >
        <div
          className="color-palette__sass-variable"
        >
          md-amber-a-400
        </div>
      </li>
      <li
        className="color-palette__color color-palette__color--light color-palette__color--md-amber-a-700"
      >
        <div
          className="color-palette__sass-variable"
        >
          md-amber-a-700
        </div>
      </li>
    </ul>
    <ul
      className="md-paper md-paper--1 md-list-unstyled md-cell md-cell--top"
      style={undefined}
    >
      <li
        className="color-palette__color color-palette__color--light color-palette__color--md-orange-500 color-palette__color--primary"
      >
        <h4
          className="color-palette__color-name md-text-capitalize"
        >
          orange
        </h4>
        <div
          className="color-palette__sass-variable"
        >
          md-orange-500
        </div>
      </li>
      <li
        className="color-palette__color color-palette__color--light color-palette__color--md-orange-50"
      >
        <div
          className="color-palette__sass-variable"
        >
          md-orange-50
        </div>
      </li>
      <li
        className="color-palette__color color-palette__color--light color-palette__color--md-orange-100"
      >
        <div
          className="color-palette__sass-variable"
        >
          md-orange-100
        </div>
      </li>
      <li
        className="color-palette__color color-palette__color--light color-palette__color--md-orange-200"
      >
        <div
          className="color-palette__sass-variable"
        >
          md-orange-200
        </div>
      </li>
      <li
        className="color-palette__color color-palette__color--light color-palette__color--md-orange-300"
      >
        <div
          className="color-palette__sass-variable"
        >
          md-orange-300
        </div>
      </li>
      <li
        className="color-palette__color color-palette__color--light color-palette__color--md-orange-400"
      >
        <div
          className="color-palette__sass-variable"
        >
          md-orange-400
        </div>
      </li>
      <li
        className="color-palette__color color-palette__color--light color-palette__color--md-orange-500"
      >
        <div
          className="color-palette__sass-variable"
        >
          md-orange-500
        </div>
      </li>
      <li
        className="color-palette__color color-palette__color--light color-palette__color--md-orange-600"
      >
        <div
          className="color-palette__sass-variable"
        >
          md-orange-600
        </div>
      </li>
      <li
        className="color-palette__color color-palette__color--light color-palette__color--md-orange-700"
      >
        <div
          className="color-palette__sass-variable"
        >
          md-orange-700
        </div>
      </li>
      <li
        className="color-palette__color color-palette__color--md-orange-800"
      >
        <div
          className="color-palette__sass-variable"
        >
          md-orange-800
        </div>
      </li>
      <li
        className="color-palette__color color-palette__color--md-orange-900"
      >
        <div
          className="color-palette__sass-variable"
        >
          md-orange-900
        </div>
      </li>
      <li
        className="color-palette__color color-palette__color--light color-palette__color--divide color-palette__color--md-orange-a-100"
      >
        <div
          className="color-palette__sass-variable"
        >
          md-orange-a-100
        </div>
      </li>
      <li
        className="color-palette__color color-palette__color--light color-palette__color--md-orange-a-200"
      >
        <div
          className="color-palette__sass-variable"
        >
          md-orange-a-200
        </div>
      </li>
      <li
        className="color-palette__color color-palette__color--light color-palette__color--md-orange-a-400"
      >
        <div
          className="color-palette__sass-variable"
        >
          md-orange-a-400
        </div>
      </li>
      <li
        className="color-palette__color color-palette__color--light color-palette__color--md-orange-a-700"
      >
        <div
          className="color-palette__sass-variable"
        >
          md-orange-a-700
        </div>
      </li>
    </ul>
    <ul
      className="md-paper md-paper--1 md-list-unstyled md-cell md-cell--top"
      style={undefined}
    >
      <li
        className="color-palette__color color-palette__color--md-deep-orange-500 color-palette__color--primary"
      >
        <h4
          className="color-palette__color-name md-text-capitalize"
        >
          deep orange
        </h4>
        <div
          className="color-palette__sass-variable"
        >
          md-deep-orange-500
        </div>
      </li>
      <li
        className="color-palette__color color-palette__color--light color-palette__color--md-deep-orange-50"
      >
        <div
          className="color-palette__sass-variable"
        >
          md-deep-orange-50
        </div>
      </li>
      <li
        className="color-palette__color color-palette__color--light color-palette__color--md-deep-orange-100"
      >
        <div
          className="color-palette__sass-variable"
        >
          md-deep-orange-100
        </div>
      </li>
      <li
        className="color-palette__color color-palette__color--light color-palette__color--md-deep-orange-200"
      >
        <div
          className="color-palette__sass-variable"
        >
          md-deep-orange-200
        </div>
      </li>
      <li
        className="color-palette__color color-palette__color--light color-palette__color--md-deep-orange-300"
      >
        <div
          className="color-palette__sass-variable"
        >
          md-deep-orange-300
        </div>
      </li>
      <li
        className="color-palette__color color-palette__color--light color-palette__color--md-deep-orange-400"
      >
        <div
          className="color-palette__sass-variable"
        >
          md-deep-orange-400
        </div>
      </li>
      <li
        className="color-palette__color color-palette__color--md-deep-orange-500"
      >
        <div
          className="color-palette__sass-variable"
        >
          md-deep-orange-500
        </div>
      </li>
      <li
        className="color-palette__color color-palette__color--md-deep-orange-600"
      >
        <div
          className="color-palette__sass-variable"
        >
          md-deep-orange-600
        </div>
      </li>
      <li
        className="color-palette__color color-palette__color--md-deep-orange-700"
      >
        <div
          className="color-palette__sass-variable"
        >
          md-deep-orange-700
        </div>
      </li>
      <li
        className="color-palette__color color-palette__color--md-deep-orange-800"
      >
        <div
          className="color-palette__sass-variable"
        >
          md-deep-orange-800
        </div>
      </li>
      <li
        className="color-palette__color color-palette__color--md-deep-orange-900"
      >
        <div
          className="color-palette__sass-variable"
        >
          md-deep-orange-900
        </div>
      </li>
      <li
        className="color-palette__color color-palette__color--light color-palette__color--divide color-palette__color--md-deep-orange-a-100"
      >
        <div
          className="color-palette__sass-variable"
        >
          md-deep-orange-a-100
        </div>
      </li>
      <li
        className="color-palette__color color-palette__color--light color-palette__color--md-deep-orange-a-200"
      >
        <div
          className="color-palette__sass-variable"
        >
          md-deep-orange-a-200
        </div>
      </li>
      <li
        className="color-palette__color color-palette__color--md-deep-orange-a-400"
      >
        <div
          className="color-palette__sass-variable"
        >
          md-deep-orange-a-400
        </div>
      </li>
      <li
        className="color-palette__color color-palette__color--md-deep-orange-a-700"
      >
        <div
          className="color-palette__sass-variable"
        >
          md-deep-orange-a-700
        </div>
      </li>
    </ul>
    <ul
      className="md-paper md-paper--1 md-list-unstyled md-cell md-cell--top"
      style={undefined}
    >
      <li
        className="color-palette__color color-palette__color--md-brown-500 color-palette__color--primary"
      >
        <h4
          className="color-palette__color-name md-text-capitalize"
        >
          brown
        </h4>
        <div
          className="color-palette__sass-variable"
        >
          md-brown-500
        </div>
      </li>
      <li
        className="color-palette__color color-palette__color--light color-palette__color--md-brown-50"
      >
        <div
          className="color-palette__sass-variable"
        >
          md-brown-50
        </div>
      </li>
      <li
        className="color-palette__color color-palette__color--light color-palette__color--md-brown-100"
      >
        <div
          className="color-palette__sass-variable"
        >
          md-brown-100
        </div>
      </li>
      <li
        className="color-palette__color color-palette__color--light color-palette__color--md-brown-200"
      >
        <div
          className="color-palette__sass-variable"
        >
          md-brown-200
        </div>
      </li>
      <li
        className="color-palette__color color-palette__color--md-brown-300"
      >
        <div
          className="color-palette__sass-variable"
        >
          md-brown-300
        </div>
      </li>
      <li
        className="color-palette__color color-palette__color--md-brown-400"
      >
        <div
          className="color-palette__sass-variable"
        >
          md-brown-400
        </div>
      </li>
      <li
        className="color-palette__color color-palette__color--md-brown-500"
      >
        <div
          className="color-palette__sass-variable"
        >
          md-brown-500
        </div>
      </li>
      <li
        className="color-palette__color color-palette__color--md-brown-600"
      >
        <div
          className="color-palette__sass-variable"
        >
          md-brown-600
        </div>
      </li>
      <li
        className="color-palette__color color-palette__color--md-brown-700"
      >
        <div
          className="color-palette__sass-variable"
        >
          md-brown-700
        </div>
      </li>
      <li
        className="color-palette__color color-palette__color--md-brown-800"
      >
        <div
          className="color-palette__sass-variable"
        >
          md-brown-800
        </div>
      </li>
      <li
        className="color-palette__color color-palette__color--md-brown-900"
      >
        <div
          className="color-palette__sass-variable"
        >
          md-brown-900
        </div>
      </li>
    </ul>
    <ul
      className="md-paper md-paper--1 md-list-unstyled md-cell md-cell--top"
      style={undefined}
    >
      <li
        className="color-palette__color color-palette__color--md-grey-500 color-palette__color--primary"
      >
        <h4
          className="color-palette__color-name md-text-capitalize"
        >
          grey
        </h4>
        <div
          className="color-palette__sass-variable"
        >
          md-grey-500
        </div>
      </li>
      <li
        className="color-palette__color color-palette__color--light color-palette__color--md-grey-50"
      >
        <div
          className="color-palette__sass-variable"
        >
          md-grey-50
        </div>
      </li>
      <li
        className="color-palette__color color-palette__color--light color-palette__color--md-grey-100"
      >
        <div
          className="color-palette__sass-variable"
        >
          md-grey-100
        </div>
      </li>
      <li
        className="color-palette__color color-palette__color--light color-palette__color--md-grey-200"
      >
        <div
          className="color-palette__sass-variable"
        >
          md-grey-200
        </div>
      </li>
      <li
        className="color-palette__color color-palette__color--md-grey-300"
      >
        <div
          className="color-palette__sass-variable"
        >
          md-grey-300
        </div>
      </li>
      <li
        className="color-palette__color color-palette__color--md-grey-400"
      >
        <div
          className="color-palette__sass-variable"
        >
          md-grey-400
        </div>
      </li>
      <li
        className="color-palette__color color-palette__color--md-grey-500"
      >
        <div
          className="color-palette__sass-variable"
        >
          md-grey-500
        </div>
      </li>
      <li
        className="color-palette__color color-palette__color--md-grey-600"
      >
        <div
          className="color-palette__sass-variable"
        >
          md-grey-600
        </div>
      </li>
      <li
        className="color-palette__color color-palette__color--md-grey-700"
      >
        <div
          className="color-palette__sass-variable"
        >
          md-grey-700
        </div>
      </li>
      <li
        className="color-palette__color color-palette__color--md-grey-800"
      >
        <div
          className="color-palette__sass-variable"
        >
          md-grey-800
        </div>
      </li>
      <li
        className="color-palette__color color-palette__color--md-grey-900"
      >
        <div
          className="color-palette__sass-variable"
        >
          md-grey-900
        </div>
      </li>
    </ul>
    <ul
      className="md-paper md-paper--1 md-list-unstyled md-cell md-cell--top"
      style={undefined}
    >
      <li
        className="color-palette__color color-palette__color--md-blue-grey-500 color-palette__color--primary"
      >
        <h4
          className="color-palette__color-name md-text-capitalize"
        >
          blue grey
        </h4>
        <div
          className="color-palette__sass-variable"
        >
          md-blue-grey-500
        </div>
      </li>
      <li
        className="color-palette__color color-palette__color--light color-palette__color--md-blue-grey-50"
      >
        <div
          className="color-palette__sass-variable"
        >
          md-blue-grey-50
        </div>
      </li>
      <li
        className="color-palette__color color-palette__color--light color-palette__color--md-blue-grey-100"
      >
        <div
          className="color-palette__sass-variable"
        >
          md-blue-grey-100
        </div>
      </li>
      <li
        className="color-palette__color color-palette__color--light color-palette__color--md-blue-grey-200"
      >
        <div
          className="color-palette__sass-variable"
        >
          md-blue-grey-200
        </div>
      </li>
      <li
        className="color-palette__color color-palette__color--md-blue-grey-300"
      >
        <div
          className="color-palette__sass-variable"
        >
          md-blue-grey-300
        </div>
      </li>
      <li
        className="color-palette__color color-palette__color--md-blue-grey-400"
      >
        <div
          className="color-palette__sass-variable"
        >
          md-blue-grey-400
        </div>
      </li>
      <li
        className="color-palette__color color-palette__color--md-blue-grey-500"
      >
        <div
          className="color-palette__sass-variable"
        >
          md-blue-grey-500
        </div>
      </li>
      <li
        className="color-palette__color color-palette__color--md-blue-grey-600"
      >
        <div
          className="color-palette__sass-variable"
        >
          md-blue-grey-600
        </div>
      </li>
      <li
        className="color-palette__color color-palette__color--md-blue-grey-700"
      >
        <div
          className="color-palette__sass-variable"
        >
          md-blue-grey-700
        </div>
      </li>
      <li
        className="color-palette__color color-palette__color--md-blue-grey-800"
      >
        <div
          className="color-palette__sass-variable"
        >
          md-blue-grey-800
        </div>
      </li>
      <li
        className="color-palette__color color-palette__color--md-blue-grey-900"
      >
        <div
          className="color-palette__sass-variable"
        >
          md-blue-grey-900
        </div>
      </li>
    </ul>
  </section>
</section>
`;
