// Jest Snapshot v1, https://goo.gl/fbAQLP

exports[`PropTypesTable should render correctly when there are props 1`] = `
<div
  class="md-data-table--responsive"
>
  <table
    class="md-data-table md-data-table--plain md-data-table--full-width"
  >
    <thead
      class="md-table-header"
    >
      <tr
        class="md-table-row"
      >
        <th
          aria-sort="ascending"
          class="md-table-column md-text-left md-table-column--header md-table-column--adjusted md-table-column--sortable md-pointer--hover md-text--secondary"
          scope="col"
        >
          <div
            class="md-icon-separator"
          >
            <i
              class="md-icon material-icons md-collapser"
            >
              arrow_upward
            </i>
            <span
              class="md-icon-text"
            >
              Prop name
            </span>
          </div>
        </th>
        <th
          class="md-table-column md-text-left md-table-column--header md-table-column--adjusted md-text--secondary"
          scope="col"
        >
          Prop type
        </th>
        <th
          class="md-table-column md-text-left md-table-column--header md-text--secondary"
          scope="col"
        >
          Description
        </th>
      </tr>
    </thead>
    <tbody
      class="md-table-body"
    >
      <tr
        class="md-table-row quick-link"
        id="font-icons-proptypes-proptypes-style"
        tabindex="-1"
      >
        <td
          class="md-table-column md-text-left md-table-column--plain md-table-column--adjusted md-text quick-link__container prop-types__cell prop-types__prop-name"
        >
          <a
            class="quick-link__link quick-link__link--props"
            href="#font-icons-proptypes-proptypes-style"
          >
            <i
              class="md-icon material-icons"
            >
              link
            </i>
          </a>
          style
        </td>
        <td
          class="md-table-column md-text-left md-table-column--plain md-table-column--adjusted md-text prop-types__cell prop-types__prop-type"
        >
          <section
            class="markdown-container"
          >
            <pre>
              <code
                class="lang-js"
              >
                object

              </code>
            </pre>
            

          </section>
        </td>
        <td
          class="md-table-column md-text-left md-table-column--plain md-text prop-types__cell prop-types__normal-column"
        >
          <section
            class="markdown-container"
          >
            <p>
              An optional style to apply.
            </p>
            

          </section>
        </td>
      </tr>
      <tr
        class="md-table-row quick-link"
        id="font-icons-proptypes-proptypes-class-name"
        tabindex="-1"
      >
        <td
          class="md-table-column md-text-left md-table-column--plain md-table-column--adjusted md-text quick-link__container prop-types__cell prop-types__prop-name"
        >
          <a
            class="quick-link__link quick-link__link--props"
            href="#font-icons-proptypes-proptypes-class-name"
          >
            <i
              class="md-icon material-icons"
            >
              link
            </i>
          </a>
          className
        </td>
        <td
          class="md-table-column md-text-left md-table-column--plain md-table-column--adjusted md-text prop-types__cell prop-types__prop-type"
        >
          <section
            class="markdown-container"
          >
            <pre>
              <code
                class="lang-js"
              >
                string

              </code>
            </pre>
            

          </section>
        </td>
        <td
          class="md-table-column md-text-left md-table-column--plain md-text prop-types__cell prop-types__normal-column"
        >
          <section
            class="markdown-container"
          >
            <p>
              An optional className to apply to the 
              <code>
                FontIcon
              </code>
              .
            </p>
            

          </section>
        </td>
      </tr>
      <tr
        class="md-table-row quick-link"
        id="font-icons-proptypes-proptypes-icon-class-name"
        tabindex="-1"
      >
        <td
          class="md-table-column md-text-left md-table-column--plain md-table-column--adjusted md-text quick-link__container prop-types__cell prop-types__prop-name"
        >
          <a
            class="quick-link__link quick-link__link--props"
            href="#font-icons-proptypes-proptypes-icon-class-name"
          >
            <i
              class="md-icon material-icons"
            >
              link
            </i>
          </a>
          iconClassName
        </td>
        <td
          class="md-table-column md-text-left md-table-column--plain md-table-column--adjusted md-text md-table-column--relative prop-types__cell prop-types__prop-type"
        >
          <div
            class="md-tooltip-container"
          >
            <span
              aria-hidden="true"
            />
          </div>
          <section
            class="markdown-container"
          >
            <pre>
              <code
                class="lang-js"
              >
                string *

              </code>
            </pre>
            

          </section>
        </td>
        <td
          class="md-table-column md-text-left md-table-column--plain md-text prop-types__cell prop-types__normal-column"
        >
          <section
            class="markdown-container"
          >
            <p>
              default: 
              <code>
                'material-icons'
              </code>
            </p>
            

            <p>
              The icon font library className to use to display the icon.
            </p>
            

          </section>
        </td>
      </tr>
      <tr
        class="md-table-row quick-link"
        id="font-icons-proptypes-proptypes-children"
        tabindex="-1"
      >
        <td
          class="md-table-column md-text-left md-table-column--plain md-table-column--adjusted md-text quick-link__container prop-types__cell prop-types__prop-name"
        >
          <a
            class="quick-link__link quick-link__link--props"
            href="#font-icons-proptypes-proptypes-children"
          >
            <i
              class="md-icon material-icons"
            >
              link
            </i>
          </a>
          children
        </td>
        <td
          class="md-table-column md-text-left md-table-column--plain md-table-column--adjusted md-text prop-types__cell prop-types__prop-type"
        >
          <section
            class="markdown-container"
          >
            <pre>
              <code
                class="lang-js"
              >
                node

              </code>
            </pre>
            

          </section>
        </td>
        <td
          class="md-table-column md-text-left md-table-column--plain md-text prop-types__cell prop-types__normal-column"
        >
          <section
            class="markdown-container"
          >
            <p>
              Any children required to display the icon with the font library.
            </p>
            

          </section>
        </td>
      </tr>
      <tr
        class="md-table-row quick-link"
        id="font-icons-proptypes-proptypes-disabled"
        tabindex="-1"
      >
        <td
          class="md-table-column md-text-left md-table-column--plain md-table-column--adjusted md-text quick-link__container prop-types__cell prop-types__prop-name"
        >
          <a
            class="quick-link__link quick-link__link--props"
            href="#font-icons-proptypes-proptypes-disabled"
          >
            <i
              class="md-icon material-icons"
            >
              link
            </i>
          </a>
          disabled
        </td>
        <td
          class="md-table-column md-text-left md-table-column--plain md-table-column--adjusted md-text prop-types__cell prop-types__prop-type"
        >
          <section
            class="markdown-container"
          >
            <pre>
              <code
                class="lang-js"
              >
                bool

              </code>
            </pre>
            

          </section>
        </td>
        <td
          class="md-table-column md-text-left md-table-column--plain md-text prop-types__cell prop-types__normal-column"
        >
          <section
            class="markdown-container"
          >
            <p>
              Boolean if the 
              <code>
                FontIcon
              </code>
               should gain the disabled colors.
            </p>
            

          </section>
        </td>
      </tr>
      <tr
        class="md-table-row quick-link"
        id="font-icons-proptypes-proptypes-force-size"
        tabindex="-1"
      >
        <td
          class="md-table-column md-text-left md-table-column--plain md-table-column--adjusted md-text quick-link__container prop-types__cell prop-types__prop-name"
        >
          <a
            class="quick-link__link quick-link__link--props"
            href="#font-icons-proptypes-proptypes-force-size"
          >
            <i
              class="md-icon material-icons"
            >
              link
            </i>
          </a>
          forceSize
        </td>
        <td
          class="md-table-column md-text-left md-table-column--plain md-table-column--adjusted md-text prop-types__cell prop-types__prop-type"
        >
          <section
            class="markdown-container"
          >
            <pre>
              <code
                class="lang-js"
              >
                oneOfType([bool, number])

              </code>
            </pre>
            

          </section>
        </td>
        <td
          class="md-table-column md-text-left md-table-column--plain md-text prop-types__cell prop-types__normal-column"
        >
          <section
            class="markdown-container"
          >
            <p>
              Either a boolean that will enforce the 24x24 size of the font icon or a number of the size
to enforce. This is useful when using other font icon libraries that do not have a consistent
size.
            </p>
            

          </section>
        </td>
      </tr>
      <tr
        class="md-table-row quick-link"
        id="font-icons-proptypes-proptypes-force-font-size"
        tabindex="-1"
      >
        <td
          class="md-table-column md-text-left md-table-column--plain md-table-column--adjusted md-text quick-link__container prop-types__cell prop-types__prop-name"
        >
          <a
            class="quick-link__link quick-link__link--props"
            href="#font-icons-proptypes-proptypes-force-font-size"
          >
            <i
              class="md-icon material-icons"
            >
              link
            </i>
          </a>
          forceFontSize
        </td>
        <td
          class="md-table-column md-text-left md-table-column--plain md-table-column--adjusted md-text prop-types__cell prop-types__prop-type"
        >
          <section
            class="markdown-container"
          >
            <pre>
              <code
                class="lang-js"
              >
                custom

              </code>
            </pre>
            

          </section>
        </td>
        <td
          class="md-table-column md-text-left md-table-column--plain md-text prop-types__cell prop-types__normal-column"
        >
          <section
            class="markdown-container"
          >
            <p>
              Boolean if the 
              <code>
                forceSize
              </code>
               prop should also force the 
              <code>
                font-size
              </code>
               instead of only 
              <code>
                width
              </code>
               and 
              <code>
                height
              </code>
              .
            </p>
            

          </section>
        </td>
      </tr>
    </tbody>
  </table>
</div>
`;

exports[`PropTypesTable should render correctly with no props 1`] = `
<div
  class="md-data-table--responsive"
>
  <table
    class="md-data-table md-data-table--plain md-data-table--full-width"
  >
    <thead
      class="md-table-header"
    >
      <tr
        class="md-table-row"
      >
        <th
          aria-sort="ascending"
          class="md-table-column md-text-left md-table-column--header md-table-column--adjusted md-table-column--sortable md-pointer--hover md-text--secondary"
          scope="col"
        >
          <div
            class="md-icon-separator"
          >
            <i
              class="md-icon material-icons md-collapser"
            >
              arrow_upward
            </i>
            <span
              class="md-icon-text"
            >
              Prop name
            </span>
          </div>
        </th>
        <th
          class="md-table-column md-text-left md-table-column--header md-table-column--adjusted md-text--secondary"
          scope="col"
        >
          Prop type
        </th>
        <th
          class="md-table-column md-text-left md-table-column--header md-text--secondary"
          scope="col"
        >
          Description
        </th>
      </tr>
    </thead>
    <tbody
      class="md-table-body"
    />
  </table>
</div>
`;
